../Core/Src/main.c:122:13:usDelay	16	static
../Core/Src/main.c:138:13:LedCGIhandler	32	static
../Core/Src/main.c:163:13:MotorCGIhandler	56	static
../Core/Src/main.c:217:13:CalibrationCGIhandler	32	static
../Core/Src/main.c:257:6:Steps_Calibration	16	static
../Core/Src/main.c:273:6:myCGIinit	8	static
../Core/Src/main.c:280:7:mySSIHandler	240	static
../Core/Src/main.c:367:6:mySSIinit	8	static
../Core/Src/main.c:372:6:Stepper_motor_with_ramp	72	static
../Core/Src/main.c:441:5:map_speed_to_delay	32	static
../Core/Src/main.c:449:5:Virtual_Steps	24	static
../Core/Src/main.c:465:5:main	152	static
../Core/Src/main.c:554:6:SystemClock_Config	88	static
../Core/Src/main.c:600:13:MX_TIM2_Init	32	static
../Core/Src/main.c:645:13:MX_GPIO_Init	48	static
../Core/Src/main.c:701:6:StartMotorTask	72	static
../Core/Src/main.c:781:6:StartButtonTask	48	static
../Core/Src/main.c:848:6:StartDefaultTask	16	static
../Core/Src/main.c:875:6:StartTask02	16	static
../Core/Src/main.c:896:6:HAL_TIM_PeriodElapsedCallback	16	static
../Core/Src/main.c:914:6:Error_Handler	4	static,ignoring_inline_asm
